// Jest Snapshot v1, https://goo.gl/fbAQLP

exports[`Login Saga should dispatch the reposLoaded action if it requests the data successfully 1`] = `
Object {
  "@@redux-saga/IO": true,
  "SELECT": Object {
    "args": Array [],
    "selector": [Function],
  },
}
`;

exports[`Login Saga should dispatch the reposLoaded action if it requests the data successfully 2`] = `
Object {
  "@@redux-saga/IO": true,
  "CALL": Object {
    "args": Array [
      "https://players-api.developer.alchemy.codes/api/login",
      Object {
        "body": "mxstbr",
        "method": "POST",
      },
    ],
    "context": null,
    "fn": [Function],
  },
}
`;
